中间数据集/按品类的日粒度时序数据集/辣椒类.csv
日期,销量(千克),销售单价(元/千克),批发价格(元/千克),损耗率_品类,成本加成定价
2021-01-16,76.17399999999999,22.133333333333333,16.61605263157895,9.240000000000002,24.042153884275717
2021-02-09,423.696,25.37796052631579,16.110679824561405,9.240000000000002,28.185277755759884
2021-05-05,72.08,11.439035087719297,7.641710526315789,9.240000000000002,11.971855017064627
2021-05-08,69.529,9.443913043478261,6.9096086956521745,9.240000000000002,10.566110851293768
2021-05-15,86.637,9.75,5.717061403508772,9.240000000000002,10.004857456140352
2021-05-18,84.864,6.587826086956522,4.100173913043478,9.240000000000002,7.175304347826087
2021-12-28,42.784,10.323684210526316,7.056052631578948,9.240000000000002,10.973832522562862
2022-02-04,168.229,19.56074561403509,14.19688596491228,9.240000000000002,21.150378421436525
2022-05-14,79.242,6.932456140350878,4.376403508771929,9.240000000000002,7.658706140350877
2022-05-17,41.52,7.298245614035087,4.520175438596491,9.240000000000002,7.910307017543859
2022-08-09,161.631,4.51578947368421,2.6180263157894736,9.240000000000002,4.446636175387611
2022-09-17,168.436,9.814782608695653,6.819826086956522,9.240000000000002,9.552027614611717
2022-09-18,177.806,8.347826086956522,6.0726956521739135,9.240000000000002,7.575537110146316
2022-12-25,166.418,3.6895652173913045,1.778217391304348,9.240000000000002,3.1118804347826083
2023-01-27,284.492,9.317763157894737,4.050986842105263,9.240000000000002,6.824486664112372
2023-04-19,76.651,8.42280701754386,5.453771929824562,9.240000000000002,8.673573702229467
2023-06-18,149.877,6.658771929824562,4.258201754385965,9.240000000000002,7.087058622806847
2023-06-26,72.185,7.684347826086957,4.482173913043478,9.240000000000002,7.691042252194583
